test.

hello, i am kitasan.
i like  horserace.
i went to hongkong.
i went to taipei.
